Successfully loaded .Rprofile at Monday August 25 16:16:23 2025 
* installing *source* package ‘dataimago’ ...
** this is package ‘dataimago’ version ‘0.0-0.3’
** using staged installation
** R
** inst
** byte-compile and prepare package for lazy loading
Successfully loaded .Rprofile at Monday August 25 16:16:23 2025 

Goodbye at Monday August 25 16:16:24 2025 
** help
*** installing help indices
** building package indices
Successfully loaded .Rprofile at Monday August 25 16:16:24 2025 

Goodbye at Monday August 25 16:16:24 2025 
** testing if installed package can be loaded from temporary location
Successfully loaded .Rprofile at Monday August 25 16:16:24 2025 

Goodbye at Monday August 25 16:16:24 2025 
** testing if installed package can be loaded from final location
Successfully loaded .Rprofile at Monday August 25 16:16:24 2025 

Goodbye at Monday August 25 16:16:24 2025 
** testing if installed package keeps a record of temporary installation path
* DONE (dataimago)

Goodbye at Monday August 25 16:16:24 2025 
